#-----------------------------------------------------------
# Vivado v2021.2 (64-bit)
# SW Build 3367213 on Tue Oct 19 02:47:39 MDT 2021
# IP Build 3369179 on Thu Oct 21 08:25:16 MDT 2021
# Start of session at: Fri Feb 11 19:06:17 2022
# Process ID: 14658
# Current directory: /home/mashahed/projects/cva6/cva6/corev_apu/fpga/xilinx/xlnx_mig_7_ddr3/xlnx_mig_7_ddr3.runs/xlnx_mig_7_ddr3_synth_1
# Command line: vivado -log xlnx_mig_7_ddr3.vds -product Vivado -mode batch -messageDb vivado.pb -notrace -source xlnx_mig_7_ddr3.tcl
# Log file: /home/mashahed/projects/cva6/cva6/corev_apu/fpga/xilinx/xlnx_mig_7_ddr3/xlnx_mig_7_ddr3.runs/xlnx_mig_7_ddr3_synth_1/xlnx_mig_7_ddr3.vds
# Journal file: /home/mashahed/projects/cva6/cva6/corev_apu/fpga/xilinx/xlnx_mig_7_ddr3/xlnx_mig_7_ddr3.runs/xlnx_mig_7_ddr3_synth_1/vivado.jou
# Running On: ubuntu, OS: Linux, CPU Frequency: 3312.003 MHz, CPU Physical cores: 12, Host memory: 16742 MB
#-----------------------------------------------------------
source xlnx_mig_7_ddr3.tcl -notrace
